// Jest Snapshot v1, https://goo.gl/fbAQLP

exports[`FiltersExpandable should render without error in "debug" mode 1`] = `"<div className=\\"filters__expandable filters__expandable--expanded\\" />"`;
