// Jest Snapshot v1, https://goo.gl/fbAQLP

exports[`FiltersHeader should render without error in "debug" mode 1`] = `ShallowWrapper {}`;
